Booting Linux on physical CPU 0x0
Linux version 3.14.28-linear-r96-linear-r287 (cschalk@cschalk-dev) (gcc version 4.9.1 (GCC) ) #1 SMP PREEMPT Fri Mar 23 16:57:28 MDT 2018
CPU: ARMv7 Processor [412fc09a] revision 10 (ARMv7), cr=10c53c7d
CPU: PIPT / VIPT nonaliasing data cache, VIPT aliasing instruction cache
Machine model: Linear i.MX6 DualLite GC3 Board
cma: CMA: reserved 320 MiB at 3c000000
Memory policy: Data cache writealloc
On node 0 totalpages: 262144
free_area_init_node: node 0, pgdat 80d92ec0, node_mem_map ab757000
  DMA zone: 2048 pages used for memmap
  DMA zone: 0 pages reserved
  DMA zone: 262144 pages, LIFO batch:31
PERCPU: Embedded 8 pages/cpu @ab731000 s8896 r8192 d15680 u32768
pcpu-alloc: s8896 r8192 d15680 u32768 alloc=8*4096
pcpu-alloc: [0] 0 [0] 1 
Built 1 zonelists in Zone order, mobility grouping on.  Total pages: 260096
Kernel command line: console=ttymxc4,115200 root=/dev/mmcblk0p2 video=mxcfb0:dev=lcd,EDT-WVGA,if=RGB24,bpp=32 rootwait rw
PID hash table entries: 4096 (order: 2, 16384 bytes)
Dentry cache hash table entries: 131072 (order: 7, 524288 bytes)
Inode-cache hash table entries: 65536 (order: 6, 262144 bytes)
Memory: 696748K/1048576K available (7016K kernel code, 344K rwdata, 6184K rodata, 316K init, 414K bss, 351828K reserved, 0K highmem)
Virtual kernel memory layout:
    vector  : 0xffff0000 - 0xffff1000   (   4 kB)
    fixmap  : 0xfff00000 - 0xfffe0000   ( 896 kB)
    vmalloc : 0xc0800000 - 0xff000000   (1000 MB)
    lowmem  : 0x80000000 - 0xc0000000   (1024 MB)
    pkmap   : 0x7fe00000 - 0x80000000   (   2 MB)
    modules : 0x7f000000 - 0x7fe00000   (  14 MB)
      .text : 0x80008000 - 0x80cec560   (13202 kB)
      .init : 0x80ced000 - 0x80d3c2c0   ( 317 kB)
      .data : 0x80d3e000 - 0x80d942c0   ( 345 kB)
       .bss : 0x80d942cc - 0x80dfbba8   ( 415 kB)
SLUB: HWalign=64, Order=0-3, MinObjects=0, CPUs=2, Nodes=1
Preemptible hierarchical RCU implementation.
	RCU restricting CPUs from NR_CPUS=4 to nr_cpu_ids=2.
RCU: Adjusting geometry for rcu_fanout_leaf=16, nr_cpu_ids=2
NR_IRQS:16 nr_irqs:16 16
L310 cache controller enabled
l2x0: 16 ways, CACHE_ID 0x410000c8, AUX_CTRL 0x32050000, Cache size: 512 kB
failed to set parent of clk gpu2d_core_sel to pll2_pfd1_594m: -22
Switching to timer-based delay loop
sched_clock: 32 bits at 3000kHz, resolution 333ns, wraps every 1431655765682ns
CPU identified as i.MX6DL, silicon rev 1.3
Console: colour dummy device 80x30
Calibrating delay loop (skipped), value calculated using timer frequency.. 6.00 BogoMIPS (lpj=30000)
pid_max: default: 32768 minimum: 301
Mount-cache hash table entries: 2048 (order: 1, 8192 bytes)
Mountpoint-cache hash table entries: 2048 (order: 1, 8192 bytes)
CPU: Testing write buffer coherency: ok
CPU0: thread -1, cpu 0, socket 0, mpidr 80000000
Setting up static identity map for 0x106ac880 - 0x106ac8d8
CPU1: Booted secondary processor
CPU1: thread -1, cpu 1, socket 0, mpidr 80000001
Brought up 2 CPUs
SMP: Total of 2 processors activated.
CPU: All CPU(s) started in SVC mode.
devtmpfs: initialized
VFP support v0.3: implementor 41 architecture 3 part 30 variant 9 rev 4
pinctrl core: initialized pinctrl subsystem
regulator-dummy: no parameters
NET: Registered protocol family 16
DMA: preallocated 256 KiB pool for atomic coherent allocations
cpuidle: using governor ladder
cpuidle: using governor menu
CPU identified as i.MX6DL, silicon rev 1.3
Use WDOG1 as reset source
syscon 20c8000.anatop: regmap [mem 0x020c8000-0x020c8fff] registered
vdd1p1: 800 <--> 1375 mV at 1100 mV 
vdd3p0: 2800 <--> 3150 mV at 3000 mV 
vdd2p5: 2000 <--> 2750 mV at 2400 mV 
cpu: 725 <--> 1450 mV 
vddpu: 725 <--> 1450 mV 
vddsoc: 725 <--> 1450 mV 
syscon 20e0000.iomuxc-gpr: regmap [mem 0x020e0000-0x020e0037] registered
syscon 21bc000.ocotp-ctrl: regmap [mem 0x021bc000-0x021bffff] registered
hw-breakpoint: found 5 (+1 reserved) breakpoint and 1 watchpoint registers.
hw-breakpoint: maximum watchpoint size is 4 bytes.
imx6dl-pinctrl 20e0000.iomuxc: initialized IMX pinctrl driver
bio: create slab <bio-0> at 0
mxs-dma 110000.dma-apbh: initialized
usb_otg_vbus: 5000 mV 
vgaarb: loaded
i2c-core: driver [max17135] using legacy suspend method
i2c-core: driver [max17135] using legacy resume method
SCSI subsystem initialized
libata version 3.00 loaded.
usbcore: registered new interface driver usbfs
usbcore: registered new interface driver hub
usbcore: registered new device driver usb
usbphy_nop1.12 supply vcc not found, using dummy regulator
usbphy_nop2.13 supply vcc not found, using dummy regulator
i2c i2c-0: IMX I2C adapter registered
i2c i2c-1: IMX I2C adapter registered
i2c i2c-2: IMX I2C adapter registered
Linux video capture interface: v2.00
pps_core: LinuxPPS API ver. 1 registered
pps_core: Software ver. 5.3.6 - Copyright 2005-2007 Rodolfo Giometti <giometti@linux.it>
PTP clock support registered
imx-ipuv3 2400000.ipu: IPU DMFC NORMAL mode: 1(0~1), 5B(4,5), 5F(6,7)
mxc_mipi_csi2 21dc000.mipi_csi: i.MX MIPI CSI2 driver probed
mxc_mipi_csi2 21dc000.mipi_csi: i.MX MIPI CSI2 dphy version is 0x3130302a
MIPI CSI2 driver module loaded
Advanced Linux Sound Architecture Driver Initialized.
cfg80211: Calling CRDA to update world regulatory domain
Switched to clocksource mxc_timer1
NET: Registered protocol family 2
TCP established hash table entries: 8192 (order: 3, 32768 bytes)
TCP bind hash table entries: 8192 (order: 4, 65536 bytes)
TCP: Hash tables configured (established 8192 bind 8192)
TCP: reno registered
UDP hash table entries: 512 (order: 2, 16384 bytes)
UDP-Lite hash table entries: 512 (order: 2, 16384 bytes)
NET: Registered protocol family 1
RPC: Registered named UNIX socket transport module.
RPC: Registered udp transport module.
RPC: Registered tcp transport module.
RPC: Registered tcp NFSv4.1 backchannel transport module.
PCI: CLS 0 bytes, default 64
hw perfevents: enabled with ARMv7 Cortex-A9 PMU driver, 7 counters available
Bus freq driver module loaded
futex hash table entries: 512 (order: 3, 32768 bytes)
VFS: Disk quotas dquot_6.5.2
Dquot-cache hash table entries: 1024 (order 0, 4096 bytes)
NFS: Registering the id_resolver key type
Key type id_resolver registered
Key type id_legacy registered
jffs2: version 2.2. (NAND) Â© 2001-2006 Red Hat, Inc.
fuse init (API version 7.22)
msgmni has been set to 2000
io scheduler noop registered
io scheduler deadline registered
io scheduler cfq registered (default)
imx-weim 21b8000.weim: Driver registered.
imx6q-pcie 1ffc000.pcie: PCI host bridge to bus 0000:00
pci_bus 0000:00: root bus resource [io  0x1000-0x10000]
pci_bus 0000:00: root bus resource [mem 0x01000000-0x01efffff]
pci_bus 0000:00: root bus resource [bus 00-ff]
pci 0000:00:00.0: [16c3:abcd] type 01 class 0x060400
pci 0000:00:00.0: reg 0x10: [mem 0x00000000-0x000fffff]
pci 0000:00:00.0: reg 0x38: [mem 0x00000000-0x0000ffff pref]
pci 0000:00:00.0: supports D1
pci 0000:00:00.0: PME# supported from D0 D1 D3hot D3cold
PCI: bus0: Fast back to back transfers disabled
pci 0000:01:00.0: [168c:0034] type 00 class 0x028000
pci 0000:01:00.0: reg 0x10: [mem 0x00000000-0x0007ffff 64bit]
pci 0000:01:00.0: reg 0x30: [mem 0x00000000-0x0000ffff pref]
pci 0000:01:00.0: supports D1
pci 0000:01:00.0: PME# supported from D0 D1 D3hot
PCI: bus1: Fast back to back transfers disabled
pci_bus 0000:01: busn_res: [bus 01-ff] end is updated to 01
pci 0000:00:00.0: BAR 0: assigned [mem 0x01000000-0x010fffff]
pci 0000:00:00.0: BAR 8: assigned [mem 0x01100000-0x011fffff]
pci 0000:00:00.0: BAR 9: assigned [mem 0x01200000-0x012fffff pref]
pci 0000:00:00.0: BAR 6: assigned [mem 0x01300000-0x0130ffff pref]
pci 0000:01:00.0: BAR 0: assigned [mem 0x01100000-0x0117ffff 64bit]
pci 0000:01:00.0: BAR 6: assigned [mem 0x01200000-0x0120ffff pref]
pci 0000:00:00.0: PCI bridge to [bus 01]
pci 0000:00:00.0:   bridge window [mem 0x01100000-0x011fffff]
pci 0000:00:00.0:   bridge window [mem 0x01200000-0x012fffff pref]
pcieport 0000:00:00.0: Signaling PME through PCIe PME interrupt
pci 0000:01:00.0: Signaling PME through PCIe PME interrupt
pcie_pme 0000:00:00.0:pcie01: service driver pcie_pme loaded
backlight.25 supply power not found, using dummy regulator
MIPI DSI driver module loaded
mxc_sdc_fb fb.23: registered mxc display driver lcd
imx_epdc_fb 20f4000.epdc: can't get/select pinctrl
imx-sdma 20ec000.sdma: no iram assigned, using external mem
imx-sdma 20ec000.sdma: no event needs to be remapped
imx-sdma 20ec000.sdma: loaded firmware 3.1
imx-sdma 20ec000.sdma: initialized
pfuze100-regulator 1-0008: Full layer: 2, Metal layer: 1
pfuze100-regulator 1-0008: FAB: 0, FIN: 0
pfuze100-regulator 1-0008: pfuze100 found.
SW1AB: 300 <--> 1875 mV at 1175 mV 
SW1C: 300 <--> 1875 mV at 1175 mV 
SW2: 800 <--> 3300 mV at 3300 mV 
SW3A: 400 <--> 1975 mV at 1350 mV 
SW3B: 400 <--> 1975 mV at 1500 mV 
SW4: 800 <--> 1975 mV at 1800 mV 
SWBST: 5000 <--> 5150 mV at 5150 mV 
VSNVS: 1000 <--> 3000 mV at 3000 mV 
VREFDDR: 750 mV 
VGEN1: 800 <--> 1550 mV at 1200 mV 
VGEN2: 800 <--> 1550 mV at 1500 mV 
VGEN3: 1800 <--> 3300 mV at 2800 mV 
VGEN4: 1800 <--> 3300 mV at 1800 mV 
VGEN5: 1800 <--> 3300 mV at 3000 mV 
VGEN6: 1800 <--> 3300 mV at 2800 mV 
2020000.serial: ttymxc0 at MMIO 0x2020000 (irq = 58, base_baud = 5000000) is a IMX
21e8000.serial: ttymxc1 at MMIO 0x21e8000 (irq = 59, base_baud = 5000000) is a IMX
21ec000.serial: ttymxc2 at MMIO 0x21ec000 (irq = 60, base_baud = 5000000) is a IMX
21f0000.serial: ttymxc3 at MMIO 0x21f0000 (irq = 61, base_baud = 5000000) is a IMX
21f4000.serial: ttymxc4 at MMIO 0x21f4000 (irq = 62, base_baud = 5000000) is a IMX
console [ttymxc4] enabled
serial: Freescale lpuart driver
imx sema4 driver is registered.
[drm] Initialized drm 1.1.0 20060810
[drm] Initialized vivante 1.0.0 20120216 on minor 0
brd: module loaded
loop: module loaded
at24 1-0050: 128 byte 24c01 EEPROM, writable, 16 bytes/write
at24 1-0051: 128 byte 24c01 EEPROM, writable, 16 bytes/write
at24 1-0054: 128 byte 24c01 EEPROM, writable, 16 bytes/write
at24 1-0057: 128 byte 24c01 EEPROM, writable, 16 bytes/write
monza 1-006e: MONZA: chip.byte_len 1088
MONZA: num_addresses = 1
monza 1-006e: 1088 byte monza8k RFID Tag
imx6dl-pinctrl 20e0000.iomuxc: pin MX6DL_PAD_GPIO_18 already requested by 20e0000.iomuxc; cannot claim for 2188000.ethernet
imx6dl-pinctrl 20e0000.iomuxc: pin-135 (2188000.ethernet) status -22
imx6dl-pinctrl 20e0000.iomuxc: could not request pin 135 (MX6DL_PAD_GPIO_18) from group enetgrp-4  on device 20e0000.iomuxc
fec 2188000.ethernet: Error applying setting, reverse things back
2188000.ethernet supply phy not found, using dummy regulator
fec 2188000.ethernet: failed to get phy-reset-gpios: -16
pps pps0: new PPS source ptp0
fec 2188000.ethernet (unregistered net_device): Invalid MAC address: 00:00:00:00:00:00
fec 2188000.ethernet (unregistered net_device): Using random MAC address: 86:ca:82:ab:da:32
libphy: fec_enet_mii_bus: probed
fec 2188000.ethernet eth0: registered PHC device 0
usbcore: registered new interface driver asix
usbcore: registered new interface driver ax88179_178a
usbcore: registered new interface driver cdc_ether
usbcore: registered new interface driver net1080
usbcore: registered new interface driver zaurus
usbcore: registered new interface driver cdc_ncm
usbcore: registered new interface driver qmi_wwan
ehci_hcd: USB 2.0 'Enhanced' Host Controller (EHCI) Driver
ehci-pci: EHCI PCI platform driver
usbcore: registered new interface driver cdc_acm
cdc_acm: USB Abstract Control Model driver for USB modems and ISDN adapters
usbcore: registered new interface driver cdc_wdm
usbcore: registered new interface driver usb-storage
usbcore: registered new interface driver usbserial
usbcore: registered new interface driver option
usbserial: USB Serial support registered for GSM modem (1-port)
2184800.usbmisc supply vbus-wakeup not found, using dummy regulator
ci_hdrc ci_hdrc.0: EHCI Host Controller
ci_hdrc ci_hdrc.0: new USB bus registered, assigned bus number 1
ci_hdrc ci_hdrc.0: USB 2.0 started, EHCI 1.00
hub 1-0:1.0: USB hub found
hub 1-0:1.0: 1 port detected
2184200.usb supply vbus not found, using dummy regulator
ci_hdrc ci_hdrc.1: doesn't support gadget
ci_hdrc ci_hdrc.1: EHCI Host Controller
ci_hdrc ci_hdrc.1: new USB bus registered, assigned bus number 2
ci_hdrc ci_hdrc.1: USB 2.0 started, EHCI 1.00
hub 2-0:1.0: USB hub found
hub 2-0:1.0: 1 port detected
mousedev: PS/2 mouse device common for all mice
i2c-core: driver [isl29023] using legacy suspend method
i2c-core: driver [isl29023] using legacy resume method
snvs_rtc 20cc034.snvs-rtc-lp: rtc core: registered 20cc034.snvs-rtc-lp as rtc0
i2c /dev entries driver
mxc_v4l2_output v4l2_out.28: V4L2 device registered as video16
mxc_v4l2_output v4l2_out.28: V4L2 device registered as video17
i2c-core: driver [mag3110] using legacy suspend method
i2c-core: driver [mag3110] using legacy resume method
imx2-wdt 20bc000.wdog: IMX2+ Watchdog Timer enabled. timeout=60s (nowayout=0)
device-mapper: ioctl: 4.27.0-ioctl (2013-10-30) initialised: dm-devel@redhat.com
sdhci: Secure Digital Host Controller Interface driver
sdhci: Copyright(c) Pierre Ossman
sdhci-pltfm: SDHCI platform and OF driver helper
mmc0: no vqmmc regulator found
mmc0: no vmmc regulator found
mmc0: SDHCI controller on 2198000.usdhc [2198000.usdhc] using ADMA
mmc1: no vqmmc regulator found
mmc1: no vmmc regulator found
mmc1: SDHCI controller on 2194000.usdhc [2194000.usdhc] using ADMA
mmc2: no vqmmc regulator found
mmc2: no vmmc regulator found
mmc0: BKOPS_EN bit is not set
mmc0: new high speed DDR MMC card at address 0001
mmcblk0: mmc0:0001 SEM04G 3.68 GiB 
mmcblk0boot0: mmc0:0001 SEM04G partition 1 2.00 MiB
mmcblk0boot1: mmc0:0001 SEM04G partition 2 2.00 MiB
mmcblk0rpmb: mmc0:0001 SEM04G partition 3 2.00 MiB
 mmcblk0: p1 p2 p3 p4
mmc2: SDHCI controller on 2190000.usdhc [2190000.usdhc] using ADMA
galcore: clk_get vg clock failed, disable vg!
Galcore version 5.0.11.25762
 mmcblk0boot1: unknown partition table
 mmcblk0boot0: unknown partition table
mxc_vdoa 21e4000.vdoa: i.MX Video Data Order Adapter(VDOA) driver probed
mxc_vpu 2040000.vpu: VPU initialized
caam 2100000.caam: Instantiated RNG4 SH0
caam 2100000.caam: Instantiated RNG4 SH1
caam 2100000.caam: device ID = 0x0a160100 (Era 4)
caam 2100000.caam: job rings = 2, qi = 0
caam algorithms registered in /proc/crypto
caam_jr 2101000.jr0: registering rng-caam
usbcore: registered new interface driver usbhid
usbhid: USB HID core driver
max98090 1-0010: No platform data
imx-max98090 sound-a.19: max98090 <-> 2028000.ssi mapping ok
	***SYSCLK 12000000
max98090 1-0010: No audio clocks configured
imx-max98090 sound-b.20: ASoC: Failed to create card debugfs directory
max98090 1-0011: Failed to reset codec: -5
max98090 1-0011: Failed to read device revision: -1
max98090 1-0011: ASoC: failed to probe CODEC -1
imx-max98090 sound-b.20: ASoC: failed to instantiate card -1
imx-max98090 sound-b.20: snd_soc_register_card failed (-1)
imx-max98090: probe of sound-b.20 failed with error -1
imx-cell sound-cell.21: cell-codec-dai <-> 202c000.ssi mapping ok
NET: Registered protocol family 26
TCP: cubic registered
NET: Registered protocol family 10
sit: IPv6 over IPv4 tunneling driver
NET: Registered protocol family 17
NET: Registered protocol family 15
8021q: 802.1Q VLAN Support v1.8
Key type dns_resolver registered
failed to disable 1.2 GHz OPP
VGEN3: disabling
VGEN2: disabling
regulator-dummy: disabling
imx mcc test is registered.
input: gpio-keys.18 as /devices/soc0/gpio-keys.18/input/input0
snvs_rtc 20cc034.snvs-rtc-lp: setting system clock to 2020-12-09 04:51:59 UTC (1607489519)
ALSA device list:
  #0: max98090-audio
  #1: cell-audio
EXT3-fs (mmcblk0p2): error: couldn't mount because of unsupported optional features (240)
EXT2-fs (mmcblk0p2): error: couldn't mount because of unsupported optional features (240)
EXT4-fs (mmcblk0p2): mounted filesystem with ordered data mode. Opts: (null)
VFS: Mounted root (ext4 filesystem) on device 179:2.
devtmpfs: mounted
Freeing unused kernel memory: 316K (80ced000 - 80d3c000)
udevd[179]: starting version 182
PCI: enabling device 0000:01:00.0 (0140 -> 0142)
ath: EEPROM regdomain: 0x6a
ath: EEPROM indicates we should expect a direct regpair map
ath: Country alpha2 being used: 00
ath: Regpair used: 0x6a
ieee80211 phy0: Selected rate control algorithm 'minstrel_ht'
ieee80211 phy0: Atheros AR9462 Rev:2 mem=0xc0f00000, irq=155
irq = 271
set tp reset pin to 0
ov5640_read_reg:write reg error:reg=300a
camera ov5640_mipi is not found
set tp reset pin to 1
input: ft5x0x_ts as /devices/virtual/input/input1
[FTS] Firmware version = 0x2
[FTS] report rate is 100Hz.
[FTS] touch threshold is 100.
ERROR: v4l2 capture: slave not found!
ERROR: v4l2 capture: slave not found!
EXT4-fs (mmcblk0p3): mounted filesystem with ordered data mode. Opts: (null)
EXT4-fs (mmcblk0p4): recovery complete
EXT4-fs (mmcblk0p4): mounted filesystem with ordered data mode. Opts: (null)
EXT4-fs (mmcblk0p2): re-mounted. Opts: data=ordered
random: dd urandom read with 122 bits of entropy available
